src/components/SampleAnalysisModule.tsx(47,63): error TS2367: This comparison appears to be unintentional because the types 'boolean' and 'string' have no overlap.
src/components/SampleAnalysisModule.tsx(76,21): error TS2322: Type '{ comparisonGroups?: string | string[]; }[]' is not assignable to type 'MultiGroupComparisonItem[]'.
  Property 'comparisonName' is missing in type '{ comparisonGroups?: string | string[]; }' but required in type 'MultiGroupComparisonItem'.
